Microchip MPLAB XC8 Compiler V2.40

Linker command line:

-W-3 \
  --edf=C:\Program Files\Microchip\xc8\v2.40\pic\dat\20220703182018_en.msgs \
  -cn \
  -h+dist/default/production\PIC16F18856_Timebase_Optimized_Library.X.production.sym \
  --cmf=dist/default/production\PIC16F18856_Timebase_Optimized_Library.X.production.cmf \
  -z -Q16F18856 -oC:\Users\EED-R&I\AppData\Local\Temp\xcAser0.4 \
  --defsym=__MPLAB_BUILD=1 --fixupoverflow=error \
  -Mdist/default/production/PIC16F18856_Timebase_Optimized_Library.X.production.map \
  --md=C:\Users\EED-R&I\AppData\Local\Temp\xcAser0.dat -E1 \
  -ver=XC8 Compiler --acfsm=1493 -ACODE=00h-07FFhx8 -ASTRCODE=00h-03FFFh \
  -ASTRING=00h-0FFhx64 -ACONST=00h-0FFhx64 -AENTRY=00h-0FFhx64 \
  -ACOMMON=070h-07Fh -ABANK0=020h-06Fh -ABANK1=0A0h-0EFh \
  -ABANK2=0120h-016Fh -ABANK3=01A0h-01EFh -ABANK4=0220h-026Fh \
  -ABANK5=02A0h-02EFh -ABANK6=0320h-036Fh -ABANK7=03A0h-03EFh \
  -ABANK8=0420h-046Fh -ABANK9=04A0h-04EFh -ABANK10=0520h-056Fh \
  -ABANK11=05A0h-05EFh -ABANK12=0620h-066Fh -ABANK13=06A0h-06EFh \
  -ABANK14=0720h-076Fh -ABANK15=07A0h-07EFh -ABANK16=0820h-086Fh \
  -ABANK17=08A0h-08EFh -ABANK18=0920h-096Fh -ABANK19=09A0h-09EFh \
  -ABANK20=0A20h-0A6Fh -ABANK21=0AA0h-0AEFh -ABANK22=0B20h-0B6Fh \
  -ABANK23=0BA0h-0BEFh -ABANK24=0C20h-0C6Fh -ABANK25=0CA0h-0CBFh \
  -ABIGRAM=02000h-027EFh \
  -ARAM=020h-06Fh,0A0h-0EFh,0120h-016Fh,01A0h-01EFh,0220h-026Fh,02A0h-02EFh,0320h-036Fh,03A0h-03EFh,0420h-046Fh,04A0h-04EFh,0520h-056Fh,05A0h-05EFh,0620h-066Fh,06A0h-06EFh,0720h-076Fh,07A0h-07EFh,0820h-086Fh,08A0h-08EFh,0920h-096Fh,09A0h-09EFh,0A20h-0A6Fh,0AA0h-0AEFh,0B20h-0B6Fh,0BA0h-0BEFh,0C20h-0C6Fh,0CA0h-0CBFh \
  -AABS1=020h-07Fh,0A0h-0EFh,0120h-016Fh,01A0h-01EFh,0220h-026Fh,02A0h-02EFh,0320h-036Fh,03A0h-03EFh,0420h-046Fh,04A0h-04EFh,0520h-056Fh,05A0h-05EFh,0620h-066Fh,06A0h-06EFh,0720h-076Fh,07A0h-07EFh,0820h-086Fh,08A0h-08EFh,0920h-096Fh,09A0h-09EFh,0A20h-0A6Fh,0AA0h-0AEFh,0B20h-0B6Fh,0BA0h-0BEFh,0C20h-0C6Fh,0CA0h-0CBFh \
  -ASFR0=00h-01Fh -ASFR1=080h-09Fh -ASFR2=0100h-011Fh -ASFR3=0180h-019Fh \
  -ASFR4=0200h-021Fh -ASFR5=0280h-029Fh -ASFR6=0300h-031Fh \
  -ASFR7=0380h-039Fh -ASFR8=0400h-041Fh -ASFR9=0480h-049Fh \
  -ASFR10=0500h-051Fh -ASFR11=0580h-059Fh -ASFR12=0600h-061Fh \
  -ASFR13=0680h-069Fh -ASFR14=0700h-071Fh -ASFR15=0780h-079Fh \
  -ASFR16=0800h-081Fh -ASFR17=0880h-089Fh -ASFR18=0900h-091Fh \
  -ASFR19=0980h-099Fh -ASFR20=0A00h-0A1Fh -ASFR21=0A80h-0A9Fh \
  -ASFR22=0B00h-0B1Fh -ASFR23=0B80h-0B9Fh -ASFR24=0C00h-0C1Fh \
  -ASFR25=0C80h-0C9Fh -ASFR26=0D00h-0D6Fh -ASFR27=0D80h-0DEFh \
  -ASFR28=0E00h-0E6Fh -ASFR29=0E80h-0EEFh -ASFR30=0F00h-0F6Fh \
  -ASFR31=0F80h-0FEFh -ACONFIG=08007h-0800Bh -DCONFIG=2 \
  -AIDLOC=08000h-08003h -DIDLOC=2 -AEEDATA=00h-0FFh/0F000h \
  -peeprom_data=EEDATA -DEEDATA=2 -DCODE=2 -DSTRCODE=2 -DSTRING=2 -DCONST=2 \
  -DENTRY=2 -preset_vec=00h,intentry=04h,init,end_init -ppowerup=CODE \
  -pcinit=CODE -pfunctab=ENTRY -k \
  C:\Users\EED-R&I\AppData\Local\Temp\xcAser0.o \
  dist/default/production\PIC16F18856_Timebase_Optimized_Library.X.production.o 

Object code version is 3.11

Machine type is 16F18856



                Name                               Link     Load   Length Selector   Space Scale
C:\Users\EED-R&I\AppData\Local\Temp\xcAser0.o
                end_init                              E        E        2        8       0
                reset_vec                             0        0        2        0       0
                config                             8007     8007        5        0       4
dist/default/production\PIC16F18856_Timebase_Optimized_Library.X.production.o
                cinit                                10       10       14        8       0
                intentry                              4        4        A        8       0
                config                             8007     8007        5        0       4
                text21                              42F      42F        3      7DA       0
                text20                              226      226       4A        8       0
                text19                              270      270       3F        8       0
                text18                              3ED      3ED        E      7DA       0
                text17                              31A      31A       21        8       0
                text16                              2F9      2F9       21        8       0
                text14                              39B      39B       1F        8       0
                text13                              37B      37B       20        8       0
                text12                              41E      41E        7      7DA       0
                text11                              42B      42B        4      7DA       0
                text10                              408      408        C      7DA       0
                text9                               35B      35B       20        8       0
                text8                               2D7      2D7       22        8       0
                text7                               3FB      3FB        D      7DA       0
                text6                                24       24      159        8       0
                text5                               3BA      3BA       1D        8       0
                text4                               17D      17D       5B        8       0
                text3                               1D8      1D8       4E        8       0
                text2                               414      414        A      7DA       0
                text1                               2AF      2AF       28        8       0
                maintext                            33B      33B       20        8       0
                cstackBANK0                          20       20       1A       20       1
                cstackCOMMON                         70       70        B       70       1
                clrtext                             425      425        6      7DA       0
                bssBANK1                             A0       A0       46       A0       1
                bssBANK0                             3A       3A        F       20       1
                stringtext1                         3D7      3D7       16      7AE       0

TOTAL           Name                               Link     Load   Length     Space
        CLASS   CODE           
                end_init                              E        E        2         0
                cinit                                10       10       14         0
                intentry                              4        4        A         0
                reset_vec                             0        0        2         0
                text21                              42F      42F        3         0
                text20                              226      226       4A         0
                text19                              270      270       3F         0
                text18                              3ED      3ED        E         0
                text17                              31A      31A       21         0
                text16                              2F9      2F9       21         0
                text14                              39B      39B       1F         0
                text13                              37B      37B       20         0
                text12                              41E      41E        7         0
                text11                              42B      42B        4         0
                text10                              408      408        C         0
                text9                               35B      35B       20         0
                text8                               2D7      2D7       22         0
                text7                               3FB      3FB        D         0
                text6                                24       24      159         0
                text5                               3BA      3BA       1D         0
                text4                               17D      17D       5B         0
                text3                               1D8      1D8       4E         0
                text2                               414      414        A         0
                text1                               2AF      2AF       28         0
                maintext                            33B      33B       20         0
                clrtext                             425      425        6         0

        CLASS   STRCODE        
                stringtext1                         3D7      3D7       16         0

        CLASS   STRING         

        CLASS   CONST          

        CLASS   ENTRY          

        CLASS   COMMON         
                cstackCOMMON                         70       70        B         1

        CLASS   BANK0          
                cstackBANK0                          20       20       1A         1
                bssBANK0                             3A       3A        F         1

        CLASS   BANK1          
                bssBANK1                             A0       A0       46         1

        CLASS   BANK2          

        CLASS   BANK3          

        CLASS   BANK4          

        CLASS   BANK5          

        CLASS   BANK6          

        CLASS   BANK7          

        CLASS   BANK8          

        CLASS   BANK9          

        CLASS   BANK10         

        CLASS   BANK11         

        CLASS   BANK12         

        CLASS   BANK13         

        CLASS   BANK14         

        CLASS   BANK15         

        CLASS   BANK16         

        CLASS   BANK17         

        CLASS   BANK18         

        CLASS   BANK19         

        CLASS   BANK20         

        CLASS   BANK21         

        CLASS   BANK22         

        CLASS   BANK23         

        CLASS   BANK24         

        CLASS   BANK25         

        CLASS   BIGRAM         

        CLASS   RAM            

        CLASS   ABS1           
                abs_s1                               7E       7E        2         1

        CLASS   SFR0           

        CLASS   SFR1           

        CLASS   SFR2           

        CLASS   SFR3           

        CLASS   SFR4           

        CLASS   SFR5           

        CLASS   SFR6           

        CLASS   SFR7           

        CLASS   SFR8           

        CLASS   SFR9           

        CLASS   SFR10          

        CLASS   SFR11          

        CLASS   SFR12          

        CLASS   SFR13          

        CLASS   SFR14          

        CLASS   SFR15          

        CLASS   SFR16          

        CLASS   SFR17          

        CLASS   SFR18          

        CLASS   SFR19          

        CLASS   SFR20          

        CLASS   SFR21          

        CLASS   SFR22          

        CLASS   SFR23          

        CLASS   SFR24          

        CLASS   SFR25          

        CLASS   SFR26          

        CLASS   SFR27          

        CLASS   SFR28          

        CLASS   SFR29          

        CLASS   SFR30          

        CLASS   SFR31          

        CLASS   CONFIG         
                config                             8007     8007        5         4

        CLASS   IDLOC          

        CLASS   EEDATA         

        CLASS   BANK31         

        CLASS   BANK30         

        CLASS   BANK29         

        CLASS   BANK28         

        CLASS   BANK27         

        CLASS   BANK26         

        CLASS   HEAP           

        CLASS   STACK          



SEGMENTS        Name                           Load    Length   Top    Selector   Space  Class     Delta

                reset_vec                      000000  000002  000002         0       0  CODE        2
                intentry                       000004  0003D3  0003D7         8       0  CODE        2
                cstackBANK0                    000020  000029  000049        20       1  BANK0       1
                cstackCOMMON                   000070  00000B  00007B        70       1  COMMON      1
                bssBANK1                       0000A0  000046  0000E6        A0       1  BANK1       1
                stringtext1                    0003D7  000016  0003ED       7AE       0  STRCODE     2
                text18                         0003ED  000045  000432       7DA       0  CODE        2


UNUSED ADDRESS RANGES

        Name                Unused          Largest block    Delta
        BANK0            00049-0006F              27           1
        BANK1            000E6-000EF               A           1
        BANK10           00520-0056F              50           1
        BANK11           005A0-005EF              50           1
        BANK12           00620-0066F              50           1
        BANK13           006A0-006EF              50           1
        BANK14           00720-0076F              50           1
        BANK15           007A0-007EF              50           1
        BANK16           00820-0086F              50           1
        BANK17           008A0-008EF              50           1
        BANK18           00920-0096F              50           1
        BANK19           009A0-009EF              50           1
        BANK2            00120-0016F              50           1
        BANK20           00A20-00A6F              50           1
        BANK21           00AA0-00AEF              50           1
        BANK22           00B20-00B6F              50           1
        BANK23           00BA0-00BEF              50           1
        BANK24           00C20-00C6F              50           1
        BANK25           00CA0-00CBF              20           1
        BANK3            001A0-001EF              50           1
        BANK4            00220-0026F              50           1
        BANK5            002A0-002EF              50           1
        BANK6            00320-0036F              50           1
        BANK7            003A0-003EF              50           1
        BANK8            00420-0046F              50           1
        BANK9            004A0-004EF              50           1
        BIGRAM           02000-027EF             7F0           1
        CODE             00002-00003               2           2
                         00432-03FFF             800
        COMMON           0007B-0007D               3           1
        CONST            00002-00003               2           2
                         00432-03FFF             100
        EEDATA           0F000-0F0FF             100           2
        ENTRY            00002-00003               2           2
                         00432-03FFF             100
        IDLOC            08000-08003               4           2
        RAM              00049-0006F              27           1
                         000E6-000EF               A
                         00120-0016F              50
                         001A0-001EF              50
                         00220-0026F              50
                         002A0-002EF              50
                         00320-0036F              50
                         003A0-003EF              50
                         00420-0046F              50
                         004A0-004EF              50
                         00520-0056F              50
                         005A0-005EF              50
                         00620-0066F              50
                         006A0-006EF              50
                         00720-0076F              50
                         007A0-007EF              50
                         00820-0086F              50
                         008A0-008EF              50
                         00920-0096F              50
                         009A0-009EF              50
                         00A20-00A6F              50
                         00AA0-00AEF              50
                         00B20-00B6F              50
                         00BA0-00BEF              50
                         00C20-00C6F              50
                         00CA0-00CBF              20
        SFR0             00000-0001F              20           1
        SFR1             00080-0009F              20           1
        SFR10            00500-0051F              20           1
        SFR11            00580-0059F              20           1
        SFR12            00600-0061F              20           1
        SFR13            00680-0069F              20           1
        SFR14            00700-0071F              20           1
        SFR15            00780-0079F              20           1
        SFR16            00800-0081F              20           1
        SFR17            00880-0089F              20           1
        SFR18            00900-0091F              20           1
        SFR19            00980-0099F              20           1
        SFR2             00100-0011F              20           1
        SFR20            00A00-00A1F              20           1
        SFR21            00A80-00A9F              20           1
        SFR22            00B00-00B1F              20           1
        SFR23            00B80-00B9F              20           1
        SFR24            00C00-00C1F              20           1
        SFR25            00C80-00C9F              20           1
        SFR26            00D00-00D6F              70           1
        SFR27            00D80-00DEF              70           1
        SFR28            00E00-00E6F              70           1
        SFR29            00E80-00EEF              70           1
        SFR3             00180-0019F              20           1
        SFR30            00F00-00F6F              70           1
        SFR31            00F80-00FEF              70           1
        SFR4             00200-0021F              20           1
        SFR5             00280-0029F              20           1
        SFR6             00300-0031F              20           1
        SFR7             00380-0039F              20           1
        SFR8             00400-0041F              20           1
        SFR9             00480-0049F              20           1
        STRCODE          00002-00003               2           2
                         00432-03FFF            3BCE
        STRING           00002-00003               2           2
                         00432-03FFF             100

                                  Symbol Table

?___lldiv                                        cstackBANK0  00020
?___llmod                                        cstackCOMMON 00070
UART_Init@BAUD                                   cstackBANK0  0002E
UART_Init@BRG_VAL                                cstackBANK0  00036
UART_Interrupt_Service_Routine@received_byte     cstackCOMMON 00073
UART_Receive_Byte@val                            cstackCOMMON 00071
UART_Struct_Init@i                               cstackBANK0  00021
UART_Transmit_Byte@val                           cstackBANK0  00020
UART_Transmit_Text@i                             cstackBANK0  00026
UART_Transmit_Text@str                           cstackBANK0  00021
_ANSELA                                          (abs)        00F38
_ANSELB                                          (abs)        00F43
_ANSELC                                          (abs)        00F4E
_BAUD1CON                                        (abs)        0011F
_INTCON                                          (abs)        0000B
_ISRs                                            intentry     00004
_PIE3                                            (abs)        00719
_PIE4                                            (abs)        0071A
_PIR3                                            (abs)        0070F
_PIR4                                            (abs)        00710
_RA0PPS                                          (abs)        00F10
_RA1PPS                                          (abs)        00F11
_RA2PPS                                          (abs)        00F12
_RA3PPS                                          (abs)        00F13
_RA4PPS                                          (abs)        00F14
_RA5PPS                                          (abs)        00F15
_RA6PPS                                          (abs)        00F16
_RA7PPS                                          (abs)        00F17
_RB0PPS                                          (abs)        00F18
_RB1PPS                                          (abs)        00F19
_RB2PPS                                          (abs)        00F1A
_RB3PPS                                          (abs)        00F1B
_RB4PPS                                          (abs)        00F1C
_RB5PPS                                          (abs)        00F1D
_RB6PPS                                          (abs)        00F1E
_RB7PPS                                          (abs)        00F1F
_RC0PPS                                          (abs)        00F20
_RC1PPS                                          (abs)        00F21
_RC1REG                                          (abs)        00119
_RC1STA                                          (abs)        0011D
_RC2PPS                                          (abs)        00F22
_RC3PPS                                          (abs)        00F23
_RC4PPS                                          (abs)        00F24
_RC5PPS                                          (abs)        00F25
_RC6PPS                                          (abs)        00F26
_RC7PPS                                          (abs)        00F27
_RXPPS                                           (abs)        00ECB
_SP1BRG                                          (abs)        0011B
_T6CLKCON                                        (abs)        0029C
_T6CON                                           (abs)        0029A
_T6PR                                            (abs)        00299
_TRISA                                           (abs)        00011
_TRISB                                           (abs)        00012
_TRISC                                           (abs)        00013
_TX1REG                                          (abs)        0011A
_TX1STA                                          (abs)        0011E
_Timebase                                        bssBANK0     0003A
_Timebase_ISR_Executables                        text19       00270
_Timebase_Init                                   text12       0041E
_Timebase_Interrupt_Service_Routine              text18       003ED
_Timebase_Remove_Token                           text10       00408
_Timebase_Set_Timer_Reset_Request_Status         text21       0042F
_Timebase_Struct_Init                            text14       0039B
_Timebase_Timer_Config                           text13       0037B
_Timebase_Total_Tokens_Executing                 text11       0042B
_Timebase_Wait_Unit_Time                         text9        0035B
_UART                                            bssBANK1     000A0
_UART_Config_Receiver                            text8        002D7
_UART_Config_Receiver_Interrupt                  text7        003FB
_UART_Config_Transmitter                         text6        00024
_UART_Init                                       text3        001D8
_UART_Interrupt_Service_Routine                  text16       002F9
_UART_Receive_Byte                               text17       0031A
_UART_Struct_Init                                text5        003BA
_UART_Transmit_Byte                              text2        00414
_UART_Transmit_Text                              text1        002AF
__Habs1                                          abs1         00000
__Hbank0                                         bank0        00000
__Hbank1                                         bank1        00000
__Hbank10                                        bank10       00000
__Hbank11                                        bank11       00000
__Hbank12                                        bank12       00000
__Hbank13                                        bank13       00000
__Hbank14                                        bank14       00000
__Hbank15                                        bank15       00000
__Hbank16                                        bank16       00000
__Hbank17                                        bank17       00000
__Hbank18                                        bank18       00000
__Hbank19                                        bank19       00000
__Hbank2                                         bank2        00000
__Hbank20                                        bank20       00000
__Hbank21                                        bank21       00000
__Hbank22                                        bank22       00000
__Hbank23                                        bank23       00000
__Hbank24                                        bank24       00000
__Hbank25                                        bank25       00000
__Hbank26                                        bank26       00000
__Hbank27                                        bank27       00000
__Hbank28                                        bank28       00000
__Hbank29                                        bank29       00000
__Hbank3                                         bank3        00000
__Hbank30                                        bank30       00000
__Hbank31                                        bank31       00000
__Hbank4                                         bank4        00000
__Hbank5                                         bank5        00000
__Hbank6                                         bank6        00000
__Hbank7                                         bank7        00000
__Hbank8                                         bank8        00000
__Hbank9                                         bank9        00000
__Hbigram                                        bigram       00000
__HbssBANK0                                      bssBANK0     00000
__HbssBANK1                                      bssBANK1     00000
__Hcinit                                         cinit        00024
__Hclrtext                                       clrtext      00000
__Hcode                                          code         00000
__Hcommon                                        common       00000
__Hconfig                                        config       0800C
__HcstackBANK0                                   cstackBANK0  00000
__HcstackCOMMON                                  cstackCOMMON 00000
__Heeprom_data                                   eeprom_data  00000
__Hend_init                                      end_init     00010
__Hfunctab                                       functab      00000
__Hheap                                          heap         00000
__Hinit                                          init         0000E
__Hintentry                                      intentry     0000E
__Hmaintext                                      maintext     00000
__Hpowerup                                       powerup      00000
__Hram                                           ram          00000
__Hreset_vec                                     reset_vec    00002
__Hsfr0                                          sfr0         00000
__Hsfr1                                          sfr1         00000
__Hsfr10                                         sfr10        00000
__Hsfr11                                         sfr11        00000
__Hsfr12                                         sfr12        00000
__Hsfr13                                         sfr13        00000
__Hsfr14                                         sfr14        00000
__Hsfr15                                         sfr15        00000
__Hsfr16                                         sfr16        00000
__Hsfr17                                         sfr17        00000
__Hsfr18                                         sfr18        00000
__Hsfr19                                         sfr19        00000
__Hsfr2                                          sfr2         00000
__Hsfr20                                         sfr20        00000
__Hsfr21                                         sfr21        00000
__Hsfr22                                         sfr22        00000
__Hsfr23                                         sfr23        00000
__Hsfr24                                         sfr24        00000
__Hsfr25                                         sfr25        00000
__Hsfr26                                         sfr26        00000
__Hsfr27                                         sfr27        00000
__Hsfr28                                         sfr28        00000
__Hsfr29                                         sfr29        00000
__Hsfr3                                          sfr3         00000
__Hsfr30                                         sfr30        00000
__Hsfr31                                         sfr31        00000
__Hsfr4                                          sfr4         00000
__Hsfr5                                          sfr5         00000
__Hsfr6                                          sfr6         00000
__Hsfr7                                          sfr7         00000
__Hsfr8                                          sfr8         00000
__Hsfr9                                          sfr9         00000
__Hspace_0                                       (abs)        00432
__Hspace_1                                       (abs)        000E6
__Hspace_2                                       (abs)        00000
__Hspace_3                                       (abs)        00000
__Hspace_4                                       (abs)        10013
__Hstack                                         stack        00000
__Hstrings                                       strings      00000
__Hstringtext1                                   stringtext1  00000
__Hstringtext2                                   stringtext2  00000
__Htext                                          text         00000
__Labs1                                          abs1         00000
__Lbank0                                         bank0        00000
__Lbank1                                         bank1        00000
__Lbank10                                        bank10       00000
__Lbank11                                        bank11       00000
__Lbank12                                        bank12       00000
__Lbank13                                        bank13       00000
__Lbank14                                        bank14       00000
__Lbank15                                        bank15       00000
__Lbank16                                        bank16       00000
__Lbank17                                        bank17       00000
__Lbank18                                        bank18       00000
__Lbank19                                        bank19       00000
__Lbank2                                         bank2        00000
__Lbank20                                        bank20       00000
__Lbank21                                        bank21       00000
__Lbank22                                        bank22       00000
__Lbank23                                        bank23       00000
__Lbank24                                        bank24       00000
__Lbank25                                        bank25       00000
__Lbank26                                        bank26       00000
__Lbank27                                        bank27       00000
__Lbank28                                        bank28       00000
__Lbank29                                        bank29       00000
__Lbank3                                         bank3        00000
__Lbank30                                        bank30       00000
__Lbank31                                        bank31       00000
__Lbank4                                         bank4        00000
__Lbank5                                         bank5        00000
__Lbank6                                         bank6        00000
__Lbank7                                         bank7        00000
__Lbank8                                         bank8        00000
__Lbank9                                         bank9        00000
__Lbigram                                        bigram       00000
__LbssBANK0                                      bssBANK0     00000
__LbssBANK1                                      bssBANK1     00000
__Lcinit                                         cinit        00010
__Lclrtext                                       clrtext      00000
__Lcode                                          code         00000
__Lcommon                                        common       00000
__Lconfig                                        config       00000
__LcstackBANK0                                   cstackBANK0  00000
__LcstackCOMMON                                  cstackCOMMON 00000
__Leeprom_data                                   eeprom_data  00000
__Lend_init                                      end_init     0000E
__Lfunctab                                       functab      00000
__Lheap                                          heap         00000
__Linit                                          init         0000E
__Lintentry                                      intentry     00004
__Lmaintext                                      maintext     00000
__Lpowerup                                       powerup      00000
__Lram                                           ram          00000
__Lreset_vec                                     reset_vec    00000
__Lsfr0                                          sfr0         00000
__Lsfr1                                          sfr1         00000
__Lsfr10                                         sfr10        00000
__Lsfr11                                         sfr11        00000
__Lsfr12                                         sfr12        00000
__Lsfr13                                         sfr13        00000
__Lsfr14                                         sfr14        00000
__Lsfr15                                         sfr15        00000
__Lsfr16                                         sfr16        00000
__Lsfr17                                         sfr17        00000
__Lsfr18                                         sfr18        00000
__Lsfr19                                         sfr19        00000
__Lsfr2                                          sfr2         00000
__Lsfr20                                         sfr20        00000
__Lsfr21                                         sfr21        00000
__Lsfr22                                         sfr22        00000
__Lsfr23                                         sfr23        00000
__Lsfr24                                         sfr24        00000
__Lsfr25                                         sfr25        00000
__Lsfr26                                         sfr26        00000
__Lsfr27                                         sfr27        00000
__Lsfr28                                         sfr28        00000
__Lsfr29                                         sfr29        00000
__Lsfr3                                          sfr3         00000
__Lsfr30                                         sfr30        00000
__Lsfr31                                         sfr31        00000
__Lsfr4                                          sfr4         00000
__Lsfr5                                          sfr5         00000
__Lsfr6                                          sfr6         00000
__Lsfr7                                          sfr7         00000
__Lsfr8                                          sfr8         00000
__Lsfr9                                          sfr9         00000
__Lspace_0                                       (abs)        00000
__Lspace_1                                       (abs)        00000
__Lspace_2                                       (abs)        00000
__Lspace_3                                       (abs)        00000
__Lspace_4                                       (abs)        00000
__Lstack                                         stack        00000
__Lstrings                                       strings      00000
__Lstringtext1                                   stringtext1  00000
__Lstringtext2                                   stringtext2  00000
__Ltext                                          text         00000
__S0                                             (abs)        00432
__S1                                             (abs)        000E6
__S3                                             (abs)        00000
___heap_hi                                       (abs)        00000
___heap_lo                                       (abs)        00000
___int_sp                                        stack        00000
___latbits                                       (abs)        00003
___lldiv                                         text4        0017D
___lldiv@counter                                 cstackBANK0  0002D
___lldiv@dividend                                cstackBANK0  00024
___lldiv@divisor                                 cstackBANK0  00020
___lldiv@quotient                                cstackBANK0  00029
___llmod                                         text20       00226
___llmod@counter                                 cstackCOMMON 00079
___llmod@dividend                                cstackCOMMON 00074
___llmod@divisor                                 cstackCOMMON 00070
___sp                                            stack        00000
___stackhi                                       (abs)        00000
___stacklo                                       (abs)        00000
__end_of_ISRs                                    intentry     0000E
__end_of_Timebase_ISR_Executables                text19       002AF
__end_of_Timebase_Init                           text12       00425
__end_of_Timebase_Interrupt_Service_Routine      text18       003FB
__end_of_Timebase_Remove_Token                   text10       00414
__end_of_Timebase_Set_Timer_Reset_Request_Status text21       00432
__end_of_Timebase_Struct_Init                    text14       003BA
__end_of_Timebase_Timer_Config                   text13       0039B
__end_of_Timebase_Total_Tokens_Executing         text11       0042F
__end_of_Timebase_Wait_Unit_Time                 text9        0037B
__end_of_UART_Config_Receiver                    text8        002F9
__end_of_UART_Config_Receiver_Interrupt          text7        00408
__end_of_UART_Config_Transmitter                 text6        0017D
__end_of_UART_Init                               text3        00226
__end_of_UART_Interrupt_Service_Routine          text16       0031A
__end_of_UART_Receive_Byte                       text17       0033B
__end_of_UART_Struct_Init                        text5        003D7
__end_of_UART_Transmit_Byte                      text2        0041E
__end_of_UART_Transmit_Text                      text1        002D7
__end_of___lldiv                                 text4        001D8
__end_of___llmod                                 text20       00270
__end_of__initialization                         cinit        00020
__end_of_main                                    maintext     0035B
__initialization                                 cinit        00010
__pbssBANK0                                      bssBANK0     0003A
__pbssBANK1                                      bssBANK1     000A0
__pcstackBANK0                                   cstackBANK0  00020
__pcstackCOMMON                                  cstackCOMMON 00070
__pintentry                                      intentry     00004
__pmaintext                                      maintext     0033B
__pstringtext1                                   stringtext1  003D7
__pstringtext2                                   stringtext2  00000
__ptext1                                         text1        002AF
__ptext10                                        text10       00408
__ptext11                                        text11       0042B
__ptext12                                        text12       0041E
__ptext13                                        text13       0037B
__ptext14                                        text14       0039B
__ptext16                                        text16       002F9
__ptext17                                        text17       0031A
__ptext18                                        text18       003ED
__ptext19                                        text19       00270
__ptext2                                         text2        00414
__ptext20                                        text20       00226
__ptext21                                        text21       0042F
__ptext3                                         text3        001D8
__ptext4                                         text4        0017D
__ptext5                                         text5        003BA
__ptext6                                         text6        00024
__ptext7                                         text7        003FB
__ptext8                                         text8        002D7
__ptext9                                         text9        0035B
_main                                            maintext     0033B
btemp                                            (abs)        0007E
clear_ram0                                       clrtext      00425
end_of_initialization                            cinit        00020
int$flags                                        (abs)        0007E
intlevel0                                        functab      00000
intlevel1                                        functab      00000
intlevel2                                        functab      00000
intlevel3                                        functab      00000
intlevel4                                        functab      00000
intlevel5                                        functab      00000
reset_vec                                        reset_vec    00000
start                                            init         0000E
start_initialization                             cinit        00010
wtemp0                                           (abs)        0007E


MODULE INFORMATION

Module		Function		Class		Link	Load	Size
uart.c
		_UART_Config_Receiver_Interrupt		CODE           	03FB	0000	13
		_UART_Config_Transmitter		CODE           	0024	0000	345
		_UART_Init     		CODE           	01D8	0000	78
		_UART_Interrupt_Service_Routine		CODE           	02F9	0000	33
		_UART_Transmit_Byte		CODE           	0414	0000	10
		_UART_Receive_Byte		CODE           	031A	0000	33
		_UART_Transmit_Text		CODE           	02AF	0000	40
		_UART_Config_Receiver		CODE           	02D7	0000	34
		_UART_Struct_Init		CODE           	03BA	0000	29

uart.c estimated size: 615

C:\Program Files\Microchip\xc8\v2.40\pic\sources\c90\common\__lldiv.c
		___lldiv       		CODE           	017D	0000	91

C:\Program Files\Microchip\xc8\v2.40\pic\sources\c90\common\__lldiv.c estimated size: 91

shared
		__initialization		CODE           	0010	0000	16

shared estimated size: 16

C:\Program Files\Microchip\xc8\v2.40\pic\sources\c90\common\llmod.c
		___llmod       		CODE           	0226	0000	74

C:\Program Files\Microchip\xc8\v2.40\pic\sources\c90\common\llmod.c estimated size: 74

timebase.c
		_Timebase_Wait_Unit_Time		CODE           	035B	0000	32
		_Timebase_Init 		CODE           	041E	0000	7
		_Timebase_Interrupt_Service_Routine		CODE           	03ED	0000	14
		_Timebase_ISR_Executables		CODE           	0270	0000	63
		_Timebase_Remove_Token		CODE           	0408	0000	12
		_Timebase_Timer_Config		CODE           	037B	0000	32
		_Timebase_Struct_Init		CODE           	039B	0000	31
		_Timebase_Total_Tokens_Executing		CODE           	042B	0000	4
		_Timebase_Set_Timer_Reset_Request_Status		CODE           	042F	0000	3

timebase.c estimated size: 198

main.c
		_ISRs          		CODE           	0004	0000	10
		_main          		CODE           	033B	0000	32

main.c estimated size: 42

